Microchip MPLAB XC8 Compiler V2.20

Linker command line:

-W-3 --edf=C:\Program Files\Microchip\xc8\v2.20\pic\dat\en_msgs.txt -cn \
  -h+dist/default/production\Water_Heater.X.production.sym \
  --cmf=dist/default/production\Water_Heater.X.production.cmf -z -Q16F877A \
  -oC:\Users\mosta\AppData\Local\Temp\saos.2 --defsym=__MPLAB_BUILD=1 \
  -Mdist/default/production/Water_Heater.X.production.map -E1 \
  -ver=XC8 Compiler --acfsm=1493 -ASTACK=0110h-016Fh -pstack=STACK \
  -ACODE=00h-07FFhx4 -ASTRCODE=00h-01FFFh -ASTRING=00h-0FFhx32 \
  -ACONST=00h-0FFhx32 -AENTRY=00h-0FFhx32 -ACOMMON=070h-07Fh \
  -ABANK0=020h-06Fh -ABANK1=0A0h-0EFh -ABANK2=0110h-016Fh \
  -ABANK3=0190h-01EFh -ARAM=020h-06Fh,0A0h-0EFh,0110h-016Fh,0190h-01EFh \
  -AABS1=020h-07Fh,0A0h-0EFh,0110h-016Fh,0190h-01EFh -ASFR0=00h-01Fh \
  -ASFR1=080h-09Fh -ASFR2=0100h-010Fh -ASFR3=0180h-018Fh \
  -ACONFIG=02007h-02007h -DCONFIG=2 -AIDLOC=02000h-02003h -DIDLOC=2 \
  -preset_vec=00h,intentry=04h,init,end_init -ppowerup=CODE -pcinit=CODE \
  -pfunctab=ENTRY -AEEDATA=00h-0FFh/02100h -peeprom_data=EEDATA -DEEDATA=2 \
  -DCODE=2 -DSTRCODE=2 -DSTRING=2 -DCONST=2 -DENTRY=2 -k \
  C:\Users\mosta\AppData\Local\Temp\saos.o \
  dist/default/production\Water_Heater.X.production.o 

Object code version is 3.11

Machine type is 16F877A



                Name                               Link     Load   Length Selector   Space Scale
C:\Users\mosta\AppData\Local\Temp\saos.o
                end_init                             12       12        3        8       0
                reset_vec                             0        0        3        0       0
                config                             2007     2007        1        0       4
dist/default/production\Water_Heater.X.production.o
                cinit                                15       15       51        8       0
                functab                              66       66        D       CC       0
                intentry                              4        4        E        8       0
                config                             2007     2007        1        0       4
                text77                             1549     1549       67     2A92       0
                text76                             1AEC     1AEC        8     35D8       0
                text75                             11C5     11C5       4F     238A       0
                text74                             1B9F     1B9F       11     373E       0
                text73                             1C8B     1C8B       20     3916       0
                text72                             1D16     1D16       29     3A2C       0
                text71                              887      887       9A     110E       0
                text70                             1AF4     1AF4        8     35E8       0
                text69                             1000     1000        C     1C6E       0
                text68                             1618     1618       69     2C30       0
                text67                             147F     147F       64     28FE       0
                text66                             1B5F     1B5F       10     36BE       0
                text65                             1B0E     1B0E        D     361C       0
                text64                             1B6F     1B6F       10     36DE       0
                text63                             1B7F     1B7F       10     36FE       0
                text62                             1BD2     1BD2       12     37A4       0
                text61                             1CCB     1CCB       24     3996       0
                text60                             1BE4     1BE4       12     37C8       0
                text59                             1BF6     1BF6       12     37EC       0
                text58                             109A     109A       4A     2134       0
                text57                             10E4     10E4       4B     21C8       0
                text56                             12BA     12BA       57     2574       0
                text55                             1E24     1E24       37     3C48       0
                text54                             100C     100C       47     2018       0
                text53                             1EC9     1EC9       3B     3D92       0
                text52                              3D4      3D4      295       E6       0
                text51                             1D3F     1D3F       29     3A7E       0
                text50                               73       73      361       E6       0
                text49                              921      921       A4     1242       0
                text48                              A76      A76       BC     14EC       0
                text47                             14E3     14E3       66     29C6       0
                text46                             1FBA     1FBA       46     3F74       0
                text45                             1E5B     1E5B       37     3CB6       0
                text44                             1053     1053       47     20A6       0
                text43                             112F     112F       4B     225E       0
                text42                              B32      B32       F8     1664       0
                text41                             1B04     1B04        A     3608       0
                text40                             1B35     1B35        E     366A       0
                text39                             1E92     1E92       37     3D24       0
                text38                             1681     1681       69     2D02       0
                text37                             13C2     13C2       5B     2784       0
                text36                              C2A      C2A      106     1854       0
                text35                             1D93     1D93       2D     3B26       0
                text34                              D30      D30      107     1A60       0
                text33                             1F04     1F04       3B     3E08       0
                text32                             1BB0     1BB0       11     3760       0
                text31                             1B1B     1B1B        D     3636       0
                text30                             1DEE     1DEE       36     3BDC       0
                text29                             1D68     1D68       2B     3AD0       0
                text28                              804      804       83     1008       0
                text27                             1C44     1C44       17     3888       0
                text26                              669      669      196       E6       0
                text25                             1DC0     1DC0       2E     3B80       0
                text24                             16EA     16EA       7D     2DD4       0
                text23                             1B43     1B43        E     3686       0
                text22                             1368     1368       5A     26D0       0
                text21                             1C2E     1C2E       16     385C       0
                text20                             15B0     15B0       68     2B60       0
                text19                             1311     1311       57     2622       0
                text18                             1BC1     1BC1       11     3782       0
                text17                             1CAB     1CAB       20     3956       0
                text16                             1B8F     1B8F       10     371E       0
                text15                             1C5B     1C5B       17     38B6       0
                text14                             1AE5     1AE5        7     35CA       0
                text13                             1214     1214       53     2428       0
                text12                             1C72     1C72       19     38E4       0
                text11                             1F3F     1F3F       3B     3E7E       0
                text10                             1267     1267       53     24CE       0
                text9                              1B51     1B51        E     36A2       0
                text8                               801      801        3     1002       0
                text7                              117A     117A       4B     22F4       0
                text6                              1767     1767       99     2ECE       0
                text5                              1CEF     1CEF       27     39DE       0
                text4                              1ADF     1ADF        6     35BE       0
                text3                               E37      E37      1C9     1C6E       0
                text2                              141D     141D       62     283A       0
                text1                               9C5      9C5       B1     138A       0
                maintext                           1B28     1B28        D     3650       0
                cstackBANK0                          20       20       3C       20       1
                cstackCOMMON                         70       70        6       70       1
                cstackBANK1                          C5       C5       17       A0       1
                cstackBANK3                         1DA      1DA        9      190       1
                clrtext                            1AFC     1AFC        8     35F8       0
                inittext                           1C08     1C08       13     3810       0
                dataBANK3                           190      190       40      190       1
                bssBANK3                            1D0      1D0        A      190       1
                dataBANK1                            DC       DC       13       A0       1
                bssBANK1                             A0       A0       25       A0       1
                dataBANK0                            64       64        2       20       1
                bssBANK0                             5C       5C        8       20       1
                dataCOMMON                           7B       7B        1       70       1
                bssCOMMON                            76       76        5       70       1
                idataBANK3                         1F7A     1F7A       40     3EF4       0
                idataBANK1                         1C1B     1C1B       13     3836       0
                idataBANK0                         1ADD     1ADD        2     35BA       0
                idataCOMMON                         7FF      7FF        1       E6       0

TOTAL           Name                               Link     Load   Length     Space
        CLASS   STACK          

        CLASS   CODE           
                end_init                             12       12        3         0
                cinit                                15       15       51         0
                intentry                              4        4        E         0
                reset_vec                             0        0        3         0
                text77                             1549     1549       67         0
                text76                             1AEC     1AEC        8         0
                text75                             11C5     11C5       4F         0
                text74                             1B9F     1B9F       11         0
                text73                             1C8B     1C8B       20         0
                text72                             1D16     1D16       29         0
                text71                              887      887       9A         0
                text70                             1AF4     1AF4        8         0
                text69                             1000     1000        C         0
                text68                             1618     1618       69         0
                text67                             147F     147F       64         0
                text66                             1B5F     1B5F       10         0
                text65                             1B0E     1B0E        D         0
                text64                             1B6F     1B6F       10         0
                text63                             1B7F     1B7F       10         0
                text62                             1BD2     1BD2       12         0
                text61                             1CCB     1CCB       24         0
                text60                             1BE4     1BE4       12         0
                text59                             1BF6     1BF6       12         0
                text58                             109A     109A       4A         0
                text57                             10E4     10E4       4B         0
                text56                             12BA     12BA       57         0
                text55                             1E24     1E24       37         0
                text54                             100C     100C       47         0
                text53                             1EC9     1EC9       3B         0
                text52                              3D4      3D4      295         0
                text51                             1D3F     1D3F       29         0
                text50                               73       73      361         0
                text49                              921      921       A4         0
                text48                              A76      A76       BC         0
                text47                             14E3     14E3       66         0
                text46                             1FBA     1FBA       46         0
                text45                             1E5B     1E5B       37         0
                text44                             1053     1053       47         0
                text43                             112F     112F       4B         0
                text42                              B32      B32       F8         0
                text41                             1B04     1B04        A         0
                text40                             1B35     1B35        E         0
                text39                             1E92     1E92       37         0
                text38                             1681     1681       69         0
                text37                             13C2     13C2       5B         0
                text36                              C2A      C2A      106         0
                text35                             1D93     1D93       2D         0
                text34                              D30      D30      107         0
                text33                             1F04     1F04       3B         0
                text32                             1BB0     1BB0       11         0
                text31                             1B1B     1B1B        D         0
                text30                             1DEE     1DEE       36         0
                text29                             1D68     1D68       2B         0
                text28                              804      804       83         0
                text27                             1C44     1C44       17         0
                text26                              669      669      196         0
                text25                             1DC0     1DC0       2E         0
                text24                             16EA     16EA       7D         0
                text23                             1B43     1B43        E         0
                text22                             1368     1368       5A         0
                text21                             1C2E     1C2E       16         0
                text20                             15B0     15B0       68         0
                text19                             1311     1311       57         0
                text18                             1BC1     1BC1       11         0
                text17                             1CAB     1CAB       20         0
                text16                             1B8F     1B8F       10         0
                text15                             1C5B     1C5B       17         0
                text14                             1AE5     1AE5        7         0
                text13                             1214     1214       53         0
                text12                             1C72     1C72       19         0
                text11                             1F3F     1F3F       3B         0
                text10                             1267     1267       53         0
                text9                              1B51     1B51        E         0
                text8                               801      801        3         0
                text7                              117A     117A       4B         0
                text6                              1767     1767       99         0
                text5                              1CEF     1CEF       27         0
                text4                              1ADF     1ADF        6         0
                text3                               E37      E37      1C9         0
                text2                              141D     141D       62         0
                text1                               9C5      9C5       B1         0
                maintext                           1B28     1B28        D         0
                clrtext                            1AFC     1AFC        8         0
                inittext                           1C08     1C08       13         0
                idataBANK3                         1F7A     1F7A       40         0
                idataBANK1                         1C1B     1C1B       13         0
                idataBANK0                         1ADD     1ADD        2         0
                idataCOMMON                         7FF      7FF        1         0

        CLASS   STRCODE        

        CLASS   STRING         

        CLASS   CONST          

        CLASS   ENTRY          
                functab                              66       66        D         0

        CLASS   COMMON         
                cstackCOMMON                         70       70        6         1
                dataCOMMON                           7B       7B        1         1
                bssCOMMON                            76       76        5         1

        CLASS   BANK0          
                cstackBANK0                          20       20       3C         1
                dataBANK0                            64       64        2         1
                bssBANK0                             5C       5C        8         1

        CLASS   BANK1          
                cstackBANK1                          C5       C5       17         1
                dataBANK1                            DC       DC       13         1
                bssBANK1                             A0       A0       25         1

        CLASS   BANK2          

        CLASS   BANK3          
                cstackBANK3                         1DA      1DA        9         1
                dataBANK3                           190      190       40         1
                bssBANK3                            1D0      1D0        A         1

        CLASS   RAM            

        CLASS   ABS1           
                abs_s1                               7E       7E        2         1

        CLASS   SFR0           

        CLASS   SFR1           

        CLASS   SFR2           

        CLASS   SFR3           

        CLASS   CONFIG         
                config                             2007     2007        1         4

        CLASS   IDLOC          

        CLASS   EEDATA         



SEGMENTS        Name                           Load    Length   Top    Selector   Space  Class     Delta

                reset_vec                      000000  000003  000003         0       0  CODE        2
                intentry                       000004  000062  000066         8       0  CODE        2
                cstackBANK0                    000020  000046  000066        20       1  BANK0       1
                cstackCOMMON                   000070  00000C  00007C        70       1  COMMON      1
                bssBANK1                       0000A0  00004F  0000EF        A0       1  BANK1       1
                functab                        000066  00000D  000073        CC       0  ENTRY       2
                text50                         000073  00078D  000800        E6       0  CODE        2
                dataBANK3                      000190  000053  0001E3       190       1  BANK3       1
                text8                          000801  000003  000804      1002       0  CODE        2
                text28                         000804  000083  000887      1008       0  CODE        2
                text71                         000887  00009A  000921      110E       0  CODE        2
                text49                         000921  0000A4  0009C5      1242       0  CODE        2
                text1                          0009C5  0000B1  000A76      138A       0  CODE        2
                text48                         000A76  0000BC  000B32      14EC       0  CODE        2
                text42                         000B32  0000F8  000C2A      1664       0  CODE        2
                text36                         000C2A  000106  000D30      1854       0  CODE        2
                text34                         000D30  000107  000E37      1A60       0  CODE        2
                text3                          000E37  0001D5  00100C      1C6E       0  CODE        2
                text54                         00100C  000047  001053      2018       0  CODE        2
                text44                         001053  000047  00109A      20A6       0  CODE        2
                text58                         00109A  00004A  0010E4      2134       0  CODE        2
                text57                         0010E4  00004B  00112F      21C8       0  CODE        2
                text43                         00112F  00004B  00117A      225E       0  CODE        2
                text7                          00117A  00004B  0011C5      22F4       0  CODE        2
                text75                         0011C5  00004F  001214      238A       0  CODE        2
                text13                         001214  000053  001267      2428       0  CODE        2
                text10                         001267  000053  0012BA      24CE       0  CODE        2
                text56                         0012BA  000057  001311      2574       0  CODE        2
                text19                         001311  000057  001368      2622       0  CODE        2
                text22                         001368  00005A  0013C2      26D0       0  CODE        2
                text37                         0013C2  00005B  00141D      2784       0  CODE        2
                text2                          00141D  000062  00147F      283A       0  CODE        2
                text67                         00147F  000064  0014E3      28FE       0  CODE        2
                text47                         0014E3  000066  001549      29C6       0  CODE        2
                text77                         001549  000067  0015B0      2A92       0  CODE        2
                text20                         0015B0  000068  001618      2B60       0  CODE        2
                text68                         001618  000069  001681      2C30       0  CODE        2
                text38                         001681  000069  0016EA      2D02       0  CODE        2
                text24                         0016EA  00007D  001767      2DD4       0  CODE        2
                text6                          001767  000099  001800      2ECE       0  CODE        2
                idataBANK0                     001ADD  000002  001ADF      35BA       0  CODE        2
                text4                          001ADF  000006  001AE5      35BE       0  CODE        2
                text14                         001AE5  000007  001AEC      35CA       0  CODE        2
                text76                         001AEC  000008  001AF4      35D8       0  CODE        2
                text70                         001AF4  000008  001AFC      35E8       0  CODE        2
                clrtext                        001AFC  000008  001B04      35F8       0  CODE        2
                text41                         001B04  00000A  001B0E      3608       0  CODE        2
                text65                         001B0E  00000D  001B1B      361C       0  CODE        2
                text31                         001B1B  00000D  001B28      3636       0  CODE        2
                maintext                       001B28  00000D  001B35      3650       0  CODE        2
                text40                         001B35  00000E  001B43      366A       0  CODE        2
                text23                         001B43  00000E  001B51      3686       0  CODE        2
                text9                          001B51  00000E  001B5F      36A2       0  CODE        2
                text66                         001B5F  000010  001B6F      36BE       0  CODE        2
                text64                         001B6F  000010  001B7F      36DE       0  CODE        2
                text63                         001B7F  000010  001B8F      36FE       0  CODE        2
                text16                         001B8F  000010  001B9F      371E       0  CODE        2
                text74                         001B9F  000011  001BB0      373E       0  CODE        2
                text32                         001BB0  000011  001BC1      3760       0  CODE        2
                text18                         001BC1  000011  001BD2      3782       0  CODE        2
                text62                         001BD2  000012  001BE4      37A4       0  CODE        2
                text60                         001BE4  000012  001BF6      37C8       0  CODE        2
                text59                         001BF6  000012  001C08      37EC       0  CODE        2
                inittext                       001C08  000013  001C1B      3810       0  CODE        2
                idataBANK1                     001C1B  000013  001C2E      3836       0  CODE        2
                text21                         001C2E  000016  001C44      385C       0  CODE        2
                text27                         001C44  000017  001C5B      3888       0  CODE        2
                text15                         001C5B  000017  001C72      38B6       0  CODE        2
                text12                         001C72  000019  001C8B      38E4       0  CODE        2
                text73                         001C8B  000020  001CAB      3916       0  CODE        2
                text17                         001CAB  000020  001CCB      3956       0  CODE        2
                text61                         001CCB  000024  001CEF      3996       0  CODE        2
                text5                          001CEF  000027  001D16      39DE       0  CODE        2
                text72                         001D16  000029  001D3F      3A2C       0  CODE        2
                text51                         001D3F  000029  001D68      3A7E       0  CODE        2
                text29                         001D68  00002B  001D93      3AD0       0  CODE        2
                text35                         001D93  00002D  001DC0      3B26       0  CODE        2
                text25                         001DC0  00002E  001DEE      3B80       0  CODE        2
                text30                         001DEE  000036  001E24      3BDC       0  CODE        2
                text55                         001E24  000037  001E5B      3C48       0  CODE        2
                text45                         001E5B  000037  001E92      3CB6       0  CODE        2
                text39                         001E92  000037  001EC9      3D24       0  CODE        2
                text53                         001EC9  00003B  001F04      3D92       0  CODE        2
                text33                         001F04  00003B  001F3F      3E08       0  CODE        2
                text11                         001F3F  00003B  001F7A      3E7E       0  CODE        2
                idataBANK3                     001F7A  000040  001FBA      3EF4       0  CODE        2
                text46                         001FBA  000046  002000      3F74       0  CODE        2


UNUSED ADDRESS RANGES

        Name                Unused          Largest block    Delta
        BANK0            0066-006F              A           1
        BANK1            00EF-00EF              1           1
        BANK2            0110-016F             60           1
        BANK3            01E3-01EF              D           1
        CODE             0003-0003              1           2
                         0800-0800              1
                         1800-1ADC            2DD
        COMMON           007C-007D              2           1
        CONST            0003-0003              1           2
                         0800-0800              1
                         1800-1ADC            100
        EEDATA           2100-21FF            100           2
        ENTRY            0003-0003              1           2
                         0800-0800              1
                         1800-1ADC            100
        IDLOC            2000-2003              4           2
        RAM              0066-006F              A           1
                         00EF-00EF              1
                         0110-016F             60
                         01E3-01EF              D
        SFR0             0000-001F             20           1
        SFR1             0080-009F             20           1
        SFR2             0100-010F             10           1
        SFR3             0180-018F             10           1
        STACK            0110-016F             60           1
        STRCODE          0003-0003              1           2
                         0800-0800              1
                         1800-1ADC            2DD
        STRING           0003-0003              1           2
                         0800-0800              1
                         1800-1ADC            100

                                  Symbol Table

?__Umul8_16                                         cstackBANK0  002A
?___awdiv                                           cstackBANK0  002A
?___awmod                                           cstackBANK0  002A
?___fldiv                                           cstackBANK0  0052
?___flmul                                           cstackBANK0  0038
?___fltol                                           cstackBANK1  00D7
?___lldiv                                           cstackBANK0  002A
?___lwdiv                                           cstackBANK0  002A
?___xxtofl                                          cstackBANK0  002A
ADC_ReadResult@ptru16_Result                        cstackBANK0  002C
ADC_init@ptrf_ADC_cbk                               cstackBANK0  002D
ADC_init@u8_ADC_Channels_Config                     cstackBANK0  0030
ADC_init@u8_ADC_Mode                                cstackBANK0  002B
ADC_init@u8_ADC_adjustResult                        cstackBANK0  002A
ADC_init@u8_ADC_prescaler                           cstackBANK0  002C
ADC_startConversion@u8_channel                      cstackBANK0  002A
App_Update@u8_BtnDownStatus                         cstackBANK3  01E2
App_Update@u8_BtnUpStatus                           cstackBANK3  01E1
App_Update@u8_CurrentTemperature                    cstackBANK3  01E0
App_init@F162                                       dataBANK1    00EB
App_init@F166                                       dataBANK1    00E6
App_init@MyTimer                                    cstackBANK0  0045
App_init@temp                                       cstackBANK0  0044
App_init@zft                                        cstackBANK0  0041
CPU_SetSleep@u8_SleepMode                           cstackBANK0  002A
Cooler_Turn@u8_State                                cstackBANK0  002F
DIO_PortWrite@u8_GPIO                               cstackBANK0  002D
DIO_PortWrite@u8_value                              cstackBANK0  002A
DIO_Read@pu8_data                                   cstackBANK0  002F
DIO_Read@u8_GPIO                                    cstackBANK0  0032
DIO_Read@u8_pins                                    cstackBANK0  002E
DIO_Toggle@u8_GPIO                                  cstackBANK0  002D
DIO_Toggle@u8_pins                                  cstackBANK0  002A
DIO_Write@u8_GPIO                                   cstackBANK0  002E
DIO_Write@u8_pins                                   cstackBANK0  002A
DIO_Write@u8_value                                  cstackBANK0  002B
DIO_init@u8_direction                               cstackBANK0  002B
DIO_init@u8_pins                                    cstackBANK0  002A
DIO_init@u8_port                                    cstackBANK0  002E
Display_SetData@u8_DisplayData                      cstackBANK0  002B
Display_SetData@u8_DisplayMode                      cstackBANK0  002A
EEPROM_Read@pu8_Data                                cstackBANK0  002B
EEPROM_Read@u8_Address                              cstackBANK0  002C
EEPROM_Write@u8_Address                             cstackBANK0  002C
EEPROM_Write@u8_Data                                cstackBANK0  002B
ExternInt_Enable@u8_ExternInt_Type                  cstackBANK0  002C
ExternInt_Init@pstr_ExternIntCfg                    cstackBANK0  0032
Heater_Turn@u8_State                                cstackBANK0  002F
I2C_Master_AckEN@u8_ACK_State                       cstackBANK0  002A
I2C_Master_Init@u32_Baudrate                        cstackBANK0  0038
I2C_Master_Init@u8_Mode                             cstackBANK0  0040
I2C_Master_Read@pu8_Data                            cstackBANK0  002A
I2C_Master_Write@u8_Data                            cstackBANK0  002A
INT_SetCallBackFunc@ptrf_CallBkFunc                 cstackBANK0  002D
INT_SetCallBackFunc@pu8_Register                    cstackBANK0  002A
INT_SetCallBackFunc@u8_INT_Priority                 cstackBANK0  002F
INT_SetCallBackFunc@u8_MASK                         cstackBANK0  002C
LM_Read@pu8_temperature                             cstackBANK1  00DB
Led_Init@u8_LED_ID                                  cstackBANK0  0031
Led_Off@u8_led_ID                                   cstackBANK0  0031
Led_On@u8_led_ID                                    cstackBANK0  0031
Led_Toggle@u8_led_ID                                cstackBANK0  0030
SSD_Init@u8_SSD_ID                                  cstackBANK0  0031
SSD_SetState@u8_SSD_ID                              cstackBANK0  002C
SSD_SetState@u8_SSD_State                           cstackBANK0  002A
SSD_SetValue@u8_SSD_Data                            cstackBANK0  0032
SSD_SetValue@u8_SSD_ID                              cstackBANK0  0035
SSD_TurnOff@u8_SSD_ID                               cstackBANK0  0031
TemperatureAVGReading_Read@pu8_AVGtemperature       cstackBANK0  0033
TemperatureAVGReading_Read@u16_CurrentAvgTemerature cstackBANK0  0034
TemperatureAVGReading_Read@u8_LoopCounter           cstackBANK0  0036
TemperatureAVGReading_Update@u8_LMTemperature       cstackBANK3  01DE
TemperatureAVGReading_Update@u8_LoopCounter         cstackBANK3  01DF
Timer_Init@st_Timer_cfg                             cstackBANK0  0032
Timer_SetValue@u16_Timer_Count                      cstackCOMMON 0070
Timer_SetValue@u8_Timer_CH_NO                       cstackCOMMON 0074
Timer_Start@u16_Timer_Count                         cstackCOMMON 0070
Timer_Start@u8_Timer_CH_NO                          cstackCOMMON 0074
Timer_Stop@u8_Timer_CH_NO                           cstackBANK0  002C
_ADCON0                                             (abs)        001F
_ADCON1                                             (abs)        009F
_ADC_ReadResult                                     text33       1F04
_ADC_init                                           text6        1767
_ADC_startConversion                                text32       1BB0
_ADRESH                                             (abs)        001E
_ADRESL                                             (abs)        009E
_App_MainLoop                                       text25       1DC0
_App_Update                                         text42       0B32
_App_init                                           text1        09C5
_CPU_SetSleep                                       text70       1AF4
_CPU_SleepUpdate                                    text41       1B04
_Cooler_Init                                        text23       1B43
_Cooler_Turn                                        text60       1BE4
_DIO_PortWrite                                      text35       1D93
_DIO_Read                                           text28       0804
_DIO_Toggle                                         text55       1E24
_DIO_Write                                          text68       1618
_DIO_init                                           text24       16EA
_Display_Init                                       text21       1C2E
_Display_SetData                                    text69       1000
_Display_TurnOff                                    text66       1B5F
_Display_Update                                     text36       0C2A
_EEPROM_Init                                        text18       1BC1
_EEPROM_Read                                        text13       1214
_EEPROM_Write                                       text61       1CCB
_EXT_INT_Callbk                                     text73       1C8B
_ExternInt_Enable                                   text12       1C72
_ExternInt_Init                                     text10       1267
_Heater_Cooler_action                               text58       109A
_Heater_Init                                        text9        1B51
_Heater_Turn                                        text59       1BF6
_I2C_Master_AckEN                                   text17       1CAB
_I2C_Master_EnableRead                              text16       1B8F
_I2C_Master_Init                                    text19       1311
_I2C_Master_Read                                    text15       1C5B
_I2C_Master_Start                                   text64       1B6F
_I2C_Master_Stop                                    text63       1B7F
_I2C_Master_Wait                                    text65       1B0E
_I2C_Master_WaitACK                                 text14       1AE5
_I2C_Master_Write                                   text62       1BD2
_INTCON                                             (abs)        000B
_INT_SetCallBackFunc                                text11       1F3F
_INT_SetEnable                                      text8        0801
_LED_ACTION                                         text53       1EC9
_LM_Read                                            text47       14E3
_LM_Update                                          text31       1B1B
_LM_init                                            text5        1CEF
_Led_Init                                           text7        117A
_Led_Off                                            text57       10E4
_Led_On                                             text56       12BA
_Led_Toggle                                         text54       100C
_OPTION_REG                                         (abs)        0081
_PIE1                                               (abs)        008C
_PIR1                                               (abs)        000C
_PORTA                                              (abs)        0005
_PORTB                                              (abs)        0006
_PORTC                                              (abs)        0007
_PORTD                                              (abs)        0008
_PORTE                                              (abs)        0009
_SSD_Init                                           text22       1368
_SSD_SetState                                       text40       1B35
_SSD_SetValue                                       text39       1E92
_SSD_TurnOff                                        text67       147F
_SSD_Update                                         text34       0D30
_SSPADD                                             (abs)        0093
_SSPBUF                                             (abs)        0013
_SSPCON                                             (abs)        0014
_SSPCON2                                            (abs)        0091
_SSPSTAT                                            (abs)        0094
_STA_buttons                                        dataBANK3    01B8
_T1CON                                              (abs)        0010
_T2CON                                              (abs)        0012
_TMR0                                               (abs)        0001
_TMR1H                                              (abs)        000F
_TMR1L                                              (abs)        000E
_TMR2                                               (abs)        0011
_TRISA                                              (abs)        0085
_TRISB                                              (abs)        0086
_TRISC                                              (abs)        0087
_TRISD                                              (abs)        0088
_TRISE                                              (abs)        0089
_TemperatureAVGReading_Read                         text45       1E5B
_TemperatureAVGReading_Update                       text30       1DEE
_TemperatureAVGReading_init                         text4        1ADF
_Timer_Callbk                                       text74       1B9F
_Timer_Init                                         text3        0E37
_Timer_SetValue                                     text75       11C5
_Timer_Start                                        text77       1549
_Timer_Stop                                         text44       1053
__Habs1                                             abs1         0000
__Hbank0                                            bank0        0000
__Hbank1                                            bank1        0000
__Hbank2                                            bank2        0000
__Hbank3                                            bank3        0000
__HbssBANK0                                         bssBANK0     0000
__HbssBANK1                                         bssBANK1     0000
__HbssBANK3                                         bssBANK3     0000
__HbssCOMMON                                        bssCOMMON    0000
__Hcinit                                            cinit        0066
__Hclrtext                                          clrtext      0000
__Hcode                                             code         0000
__Hcommon                                           common       0000
__Hconfig                                           config       2008
__HcstackBANK0                                      cstackBANK0  0000
__HcstackBANK1                                      cstackBANK1  0000
__HcstackBANK3                                      cstackBANK3  0000
__HcstackCOMMON                                     cstackCOMMON 0000
__HdataBANK0                                        dataBANK0    0000
__HdataBANK1                                        dataBANK1    0000
__HdataBANK3                                        dataBANK3    0000
__HdataCOMMON                                       dataCOMMON   0000
__Heeprom_data                                      eeprom_data  0000
__Hend_init                                         end_init     0015
__Hfunctab                                          functab      0073
__HidataBANK0                                       idataBANK0   0000
__HidataBANK1                                       idataBANK1   0000
__HidataBANK3                                       idataBANK3   0000
__HidataCOMMON                                      idataCOMMON  0000
__Hinit                                             init         0012
__Hinittext                                         inittext     0000
__Hintentry                                         intentry     0012
__Hmaintext                                         maintext     0000
__Hpowerup                                          powerup      0000
__Hram                                              ram          0000
__Hreset_vec                                        reset_vec    0003
__Hsfr0                                             sfr0         0000
__Hsfr1                                             sfr1         0000
__Hsfr2                                             sfr2         0000
__Hsfr3                                             sfr3         0000
__Hspace_0                                          (abs)        2000
__Hspace_1                                          (abs)        01E3
__Hspace_2                                          (abs)        0000
__Hspace_3                                          (abs)        0000
__Hspace_4                                          (abs)        400F
__Hstack                                            stack        0000
__Hstrings                                          strings      0000
__Htext                                             text         0000
__Labs1                                             abs1         0000
__Lbank0                                            bank0        0000
__Lbank1                                            bank1        0000
__Lbank2                                            bank2        0000
__Lbank3                                            bank3        0000
__LbssBANK0                                         bssBANK0     0000
__LbssBANK1                                         bssBANK1     0000
__LbssBANK3                                         bssBANK3     0000
__LbssCOMMON                                        bssCOMMON    0000
__Lcinit                                            cinit        0015
__Lclrtext                                          clrtext      0000
__Lcode                                             code         0000
__Lcommon                                           common       0000
__Lconfig                                           config       0000
__LcstackBANK0                                      cstackBANK0  0000
__LcstackBANK1                                      cstackBANK1  0000
__LcstackBANK3                                      cstackBANK3  0000
__LcstackCOMMON                                     cstackCOMMON 0000
__LdataBANK0                                        dataBANK0    0000
__LdataBANK1                                        dataBANK1    0000
__LdataBANK3                                        dataBANK3    0000
__LdataCOMMON                                       dataCOMMON   0000
__Leeprom_data                                      eeprom_data  0000
__Lend_init                                         end_init     0012
__Lfunctab                                          functab      0066
__LidataBANK0                                       idataBANK0   0000
__LidataBANK1                                       idataBANK1   0000
__LidataBANK3                                       idataBANK3   0000
__LidataCOMMON                                      idataCOMMON  0000
__Linit                                             init         0012
__Linittext                                         inittext     0000
__Lintentry                                         intentry     0004
__Lmaintext                                         maintext     0000
__Lpowerup                                          powerup      0000
__Lram                                              ram          0000
__Lreset_vec                                        reset_vec    0000
__Lsfr0                                             sfr0         0000
__Lsfr1                                             sfr1         0000
__Lsfr2                                             sfr2         0000
__Lsfr3                                             sfr3         0000
__Lspace_0                                          (abs)        0000
__Lspace_1                                          (abs)        0000
__Lspace_2                                          (abs)        0000
__Lspace_3                                          (abs)        0000
__Lspace_4                                          (abs)        0000
__Lstack                                            stack        0000
__Lstrings                                          strings      0000
__Ltext                                             text         0000
__S0                                                (abs)        2000
__S1                                                (abs)        01E3
__S2                                                (abs)        0000
__S3                                                (abs)        0000
__Umul8_16                                          text51       1D3F
__Umul8_16@multiplicand                             cstackBANK0  002A
__Umul8_16@multiplier                               cstackBANK0  0032
__Umul8_16@product                                  cstackBANK0  002E
__Umul8_16@word_mpld                                cstackBANK0  0030
___awdiv                                            text38       1681
___awdiv@counter                                    cstackBANK0  002E
___awdiv@dividend                                   cstackBANK0  002C
___awdiv@divisor                                    cstackBANK0  002A
___awdiv@quotient                                   cstackBANK0  0030
___awdiv@sign                                       cstackBANK0  002F
___awmod                                            text37       13C2
___awmod@counter                                    cstackBANK0  002E
___awmod@dividend                                   cstackBANK0  002C
___awmod@divisor                                    cstackBANK0  002A
___awmod@sign                                       cstackBANK0  002F
___bmul                                             text27       1C44
___bmul@multiplicand                                cstackBANK0  002A
___bmul@multiplier                                  cstackBANK0  002C
___bmul@product                                     cstackBANK0  002B
___fldiv                                            text52       03D4
___fldiv@a                                          cstackBANK0  0052
___fldiv@aexp                                       cstackBANK1  00D6
___fldiv@b                                          cstackBANK0  0056
___fldiv@bexp                                       cstackBANK1  00D5
___fldiv@grs                                        cstackBANK1  00D1
___fldiv@new_exp                                    cstackBANK1  00CF
___fldiv@rem                                        cstackBANK1  00CA
___fldiv@sign                                       cstackBANK1  00CE
___flmul                                            text50       0073
___flmul@a                                          cstackBANK0  003C
___flmul@aexp                                       cstackBANK0  0046
___flmul@b                                          cstackBANK0  0038
___flmul@bexp                                       cstackBANK0  004B
___flmul@grs                                        cstackBANK0  0047
___flmul@prod                                       cstackBANK0  004C
___flmul@sign                                       cstackBANK0  0045
___flmul@temp                                       cstackBANK0  0050
___fltol                                            text49       0921
___fltol@exp1                                       cstackBANK0  005B
___fltol@f1                                         cstackBANK1  00D7
___fltol@sign1                                      cstackBANK0  005A
___int_sp                                           stack        0000
___latbits                                          (abs)        0002
___lbdiv                                            text29       1D68
___lbdiv@counter                                    cstackBANK0  002C
___lbdiv@dividend                                   cstackBANK0  002B
___lbdiv@divisor                                    cstackBANK0  002A
___lbdiv@quotient                                   cstackBANK0  002D
___lldiv                                            text20       15B0
___lldiv@counter                                    cstackBANK0  0037
___lldiv@dividend                                   cstackBANK0  002E
___lldiv@divisor                                    cstackBANK0  002A
___lldiv@quotient                                   cstackBANK0  0033
___lwdiv                                            text46       1FBA
___lwdiv@counter                                    cstackBANK0  002E
___lwdiv@dividend                                   cstackBANK0  002C
___lwdiv@divisor                                    cstackBANK0  002A
___lwdiv@quotient                                   cstackBANK0  002F
___sp                                               stack        0000
___stackhi                                          (abs)        0000
___stacklo                                          (abs)        0000
___xxtofl                                           text48       0A76
___xxtofl@arg                                       cstackBANK0  0034
___xxtofl@exp                                       cstackBANK0  0033
___xxtofl@sign                                      cstackBANK0  0032
___xxtofl@val                                       cstackBANK0  002A
__end_of_ADC_ReadResult                             text33       1F3F
__end_of_ADC_init                                   text6        1800
__end_of_ADC_startConversion                        text32       1BC1
__end_of_App_MainLoop                               text25       1DEE
__end_of_App_Update                                 text42       0C2A
__end_of_App_init                                   text1        0A76
__end_of_CPU_SetSleep                               text70       1AFC
__end_of_CPU_SleepUpdate                            text41       1B0E
__end_of_Cooler_Init                                text23       1B51
__end_of_Cooler_Turn                                text60       1BF6
__end_of_DIO_PortWrite                              text35       1DC0
__end_of_DIO_Read                                   text28       0887
__end_of_DIO_Toggle                                 text55       1E5B
__end_of_DIO_Write                                  text68       1681
__end_of_DIO_init                                   text24       1767
__end_of_Display_Init                               text21       1C44
__end_of_Display_SetData                            text69       100C
__end_of_Display_TurnOff                            text66       1B6F
__end_of_Display_Update                             text36       0D30
__end_of_EEPROM_Init                                text18       1BD2
__end_of_EEPROM_Read                                text13       1267
__end_of_EEPROM_Write                               text61       1CEF
__end_of_EXT_INT_Callbk                             text73       1CAB
__end_of_ExternInt_Enable                           text12       1C8B
__end_of_ExternInt_Init                             text10       12BA
__end_of_Heater_Cooler_action                       text58       10E4
__end_of_Heater_Init                                text9        1B5F
__end_of_Heater_Turn                                text59       1C08
__end_of_I2C_Master_AckEN                           text17       1CCB
__end_of_I2C_Master_EnableRead                      text16       1B9F
__end_of_I2C_Master_Init                            text19       1368
__end_of_I2C_Master_Read                            text15       1C72
__end_of_I2C_Master_Start                           text64       1B7F
__end_of_I2C_Master_Stop                            text63       1B8F
__end_of_I2C_Master_Wait                            text65       1B1B
__end_of_I2C_Master_WaitACK                         text14       1AEC
__end_of_I2C_Master_Write                           text62       1BE4
__end_of_INT_SetCallBackFunc                        text11       1F7A
__end_of_INT_SetEnable                              text8        0804
__end_of_LED_ACTION                                 text53       1F04
__end_of_LM_Read                                    text47       1549
__end_of_LM_Update                                  text31       1B28
__end_of_LM_init                                    text5        1D16
__end_of_Led_Init                                   text7        11C5
__end_of_Led_Off                                    text57       112F
__end_of_Led_On                                     text56       1311
__end_of_Led_Toggle                                 text54       1053
__end_of_SSD_Init                                   text22       13C2
__end_of_SSD_SetState                               text40       1B43
__end_of_SSD_SetValue                               text39       1EC9
__end_of_SSD_TurnOff                                text67       14E3
__end_of_SSD_Update                                 text34       0E37
__end_of_TemperatureAVGReading_Read                 text45       1E92
__end_of_TemperatureAVGReading_Update               text30       1E24
__end_of_TemperatureAVGReading_init                 text4        1AE5
__end_of_Timer_Callbk                               text74       1BB0
__end_of_Timer_Init                                 text3        1000
__end_of_Timer_SetValue                             text75       1214
__end_of_Timer_Start                                text77       15B0
__end_of_Timer_Stop                                 text44       109A
__end_of__Umul8_16                                  text51       1D68
__end_of___awdiv                                    text38       16EA
__end_of___awmod                                    text37       141D
__end_of___bmul                                     text27       1C5B
__end_of___fldiv                                    text52       0669
__end_of___flmul                                    text50       03D4
__end_of___fltol                                    text49       09C5
__end_of___lbdiv                                    text29       1D93
__end_of___lldiv                                    text20       1618
__end_of___lwdiv                                    text46       2000
__end_of___xxtofl                                   text48       0B32
__end_of__i1fptable                                 functab      0073
__end_of__initialization                            cinit        0062
__end_of_main                                       maintext     1B35
__end_of_myIsr                                      text71       0921
__end_of_pushButton_GetStatus                       text43       117A
__end_of_pushButton_Init                            text2        147F
__end_of_pushButton_Update                          text26       07FF
__end_ofi1_CPU_SetSleep                             text76       1AF4
__end_ofi1___lbdiv                                  text72       1D3F
__i1fptable                                         functab      0067
__initialization                                    cinit        0015
__pbssBANK0                                         bssBANK0     005C
__pbssBANK1                                         bssBANK1     00A0
__pbssBANK3                                         bssBANK3     01D0
__pbssCOMMON                                        bssCOMMON    0076
__pcstackBANK0                                      cstackBANK0  0020
__pcstackBANK1                                      cstackBANK1  00C5
__pcstackBANK3                                      cstackBANK3  01DA
__pcstackCOMMON                                     cstackCOMMON 0070
__pdataBANK0                                        dataBANK0    0064
__pdataBANK1                                        dataBANK1    00DC
__pdataBANK3                                        dataBANK3    0190
__pdataCOMMON                                       dataCOMMON   007B
__pfunctab                                          functab      0066
__pidataBANK0                                       idataBANK0   1ADD
__pidataBANK1                                       idataBANK1   1C1B
__pidataBANK3                                       idataBANK3   1F7A
__pidataCOMMON                                      idataCOMMON  07FF
__pintentry                                         intentry     0004
__pmaintext                                         maintext     1B28
__ptext1                                            text1        09C5
__ptext10                                           text10       1267
__ptext11                                           text11       1F3F
__ptext12                                           text12       1C72
__ptext13                                           text13       1214
__ptext14                                           text14       1AE5
__ptext15                                           text15       1C5B
__ptext16                                           text16       1B8F
__ptext17                                           text17       1CAB
__ptext18                                           text18       1BC1
__ptext19                                           text19       1311
__ptext2                                            text2        141D
__ptext20                                           text20       15B0
__ptext21                                           text21       1C2E
__ptext22                                           text22       1368
__ptext23                                           text23       1B43
__ptext24                                           text24       16EA
__ptext25                                           text25       1DC0
__ptext26                                           text26       0669
__ptext27                                           text27       1C44
__ptext28                                           text28       0804
__ptext29                                           text29       1D68
__ptext3                                            text3        0E37
__ptext30                                           text30       1DEE
__ptext31                                           text31       1B1B
__ptext32                                           text32       1BB0
__ptext33                                           text33       1F04
__ptext34                                           text34       0D30
__ptext35                                           text35       1D93
__ptext36                                           text36       0C2A
__ptext37                                           text37       13C2
__ptext38                                           text38       1681
__ptext39                                           text39       1E92
__ptext4                                            text4        1ADF
__ptext40                                           text40       1B35
__ptext41                                           text41       1B04
__ptext42                                           text42       0B32
__ptext43                                           text43       112F
__ptext44                                           text44       1053
__ptext45                                           text45       1E5B
__ptext46                                           text46       1FBA
__ptext47                                           text47       14E3
__ptext48                                           text48       0A76
__ptext49                                           text49       0921
__ptext5                                            text5        1CEF
__ptext50                                           text50       0073
__ptext51                                           text51       1D3F
__ptext52                                           text52       03D4
__ptext53                                           text53       1EC9
__ptext54                                           text54       100C
__ptext55                                           text55       1E24
__ptext56                                           text56       12BA
__ptext57                                           text57       10E4
__ptext58                                           text58       109A
__ptext59                                           text59       1BF6
__ptext6                                            text6        1767
__ptext60                                           text60       1BE4
__ptext61                                           text61       1CCB
__ptext62                                           text62       1BD2
__ptext63                                           text63       1B7F
__ptext64                                           text64       1B6F
__ptext65                                           text65       1B0E
__ptext66                                           text66       1B5F
__ptext67                                           text67       147F
__ptext68                                           text68       1618
__ptext69                                           text69       1000
__ptext7                                            text7        117A
__ptext70                                           text70       1AF4
__ptext71                                           text71       0887
__ptext72                                           text72       1D16
__ptext73                                           text73       1C8B
__ptext74                                           text74       1B9F
__ptext75                                           text75       11C5
__ptext76                                           text76       1AEC
__ptext77                                           text77       1549
__ptext8                                            text8        0801
__ptext9                                            text9        1B51
__size_of_ADC_ReadResult                            (abs)        0000
__size_of_ADC_init                                  (abs)        0000
__size_of_ADC_startConversion                       (abs)        0000
__size_of_App_MainLoop                              (abs)        0000
__size_of_App_Update                                (abs)        0000
__size_of_App_init                                  (abs)        0000
__size_of_CPU_SetSleep                              (abs)        0000
__size_of_CPU_SleepUpdate                           (abs)        0000
__size_of_Cooler_Init                               (abs)        0000
__size_of_Cooler_Turn                               (abs)        0000
__size_of_DIO_PortWrite                             (abs)        0000
__size_of_DIO_Read                                  (abs)        0000
__size_of_DIO_Toggle                                (abs)        0000
__size_of_DIO_Write                                 (abs)        0000
__size_of_DIO_init                                  (abs)        0000
__size_of_Display_Init                              (abs)        0000
__size_of_Display_SetData                           (abs)        0000
__size_of_Display_TurnOff                           (abs)        0000
__size_of_Display_Update                            (abs)        0000
__size_of_EEPROM_Init                               (abs)        0000
__size_of_EEPROM_Read                               (abs)        0000
__size_of_EEPROM_Write                              (abs)        0000
__size_of_EXT_INT_Callbk                            (abs)        0000
__size_of_ExternInt_Enable                          (abs)        0000
__size_of_ExternInt_Init                            (abs)        0000
__size_of_Heater_Cooler_action                      (abs)        0000
__size_of_Heater_Init                               (abs)        0000
__size_of_Heater_Turn                               (abs)        0000
__size_of_I2C_Master_AckEN                          (abs)        0000
__size_of_I2C_Master_EnableRead                     (abs)        0000
__size_of_I2C_Master_Init                           (abs)        0000
__size_of_I2C_Master_Read                           (abs)        0000
__size_of_I2C_Master_Start                          (abs)        0000
__size_of_I2C_Master_Stop                           (abs)        0000
__size_of_I2C_Master_Wait                           (abs)        0000
__size_of_I2C_Master_WaitACK                        (abs)        0000
__size_of_I2C_Master_Write                          (abs)        0000
__size_of_INT_SetCallBackFunc                       (abs)        0000
__size_of_INT_SetEnable                             (abs)        0000
__size_of_LED_ACTION                                (abs)        0000
__size_of_LM_Read                                   (abs)        0000
__size_of_LM_Update                                 (abs)        0000
__size_of_LM_init                                   (abs)        0000
__size_of_Led_Init                                  (abs)        0000
__size_of_Led_Off                                   (abs)        0000
__size_of_Led_On                                    (abs)        0000
__size_of_Led_Toggle                                (abs)        0000
__size_of_SSD_Init                                  (abs)        0000
__size_of_SSD_SetState                              (abs)        0000
__size_of_SSD_SetValue                              (abs)        0000
__size_of_SSD_TurnOff                               (abs)        0000
__size_of_SSD_Update                                (abs)        0000
__size_of_TemperatureAVGReading_Read                (abs)        0000
__size_of_TemperatureAVGReading_Update              (abs)        0000
__size_of_TemperatureAVGReading_init                (abs)        0000
__size_of_Timer_Callbk                              (abs)        0000
__size_of_Timer_Init                                (abs)        0000
__size_of_Timer_SetValue                            (abs)        0000
__size_of_Timer_Start                               (abs)        0000
__size_of_Timer_Stop                                (abs)        0000
__size_of__Umul8_16                                 (abs)        0000
__size_of___awdiv                                   (abs)        0000
__size_of___awmod                                   (abs)        0000
__size_of___bmul                                    (abs)        0000
__size_of___fldiv                                   (abs)        0000
__size_of___flmul                                   (abs)        0000
__size_of___fltol                                   (abs)        0000
__size_of___lbdiv                                   (abs)        0000
__size_of___lldiv                                   (abs)        0000
__size_of___lwdiv                                   (abs)        0000
__size_of___xxtofl                                  (abs)        0000
__size_of__i1fptable                                (abs)        0000
__size_of_main                                      (abs)        0000
__size_of_myIsr                                     (abs)        0000
__size_of_pushButton_GetStatus                      (abs)        0000
__size_of_pushButton_Init                           (abs)        0000
__size_of_pushButton_Update                         (abs)        0000
__size_ofi1_CPU_SetSleep                            (abs)        0000
__size_ofi1___lbdiv                                 (abs)        0000
_ast_INTS                                           bssBANK1     00A8
_astr_SSDs                                          bssBANK1     00A0
_au8_PrescalerValue                                 bssBANK1     00B0
_au8_PrescalerValueTable                            dataBANK3    0190
_au8_SSD_DataMask                                   dataBANK1    00DC
_au8_TemperatureSamples                             bssBANK3     01D0
_au8_Timer0_PrescalerTable                          dataBANK3    01AE
_au8_Timer1_PrescalerTable                          dataBANK3    01A4
_au8_Timer_Started                                  bssBANK1     00B6
_main                                               maintext     1B28
_myIsr                                              text71       0887
_pushButton_GetStatus                               text43       112F
_pushButton_Init                                    text2        141D
_pushButton_Update                                  text26       0669
_u16_ADCReading                                     bssBANK0     0062
_u16_DisplayBlinkCounter                            bssBANK1     00C0
_u16_LED_Counter                                    bssBANK1     00BC
_u16_SettingModeCounter                             bssBANK1     00BE
_u8_APP_TickCounter                                 bssBANK1     00C3
_u8_AVG_Temperature                                 bssCOMMON    0079
_u8_Data                                            bssBANK0     0060
_u8_DisplayMode                                     dataBANK1    00EE
_u8_DisplayTickCounter                              bssBANK0     005E
_u8_Heating_Element_Led_State                       bssCOMMON    0078
_u8_MainLoopStatus                                  dataBANK0    0065
_u8_Mode                                            dataBANK0    0064
_u8_Mode@ADC$F29                                    bssBANK0     0061
_u8_Mode@Display$F109                               bssBANK0     005F
_u8_ModuleMode                                      bssBANK0     005C
_u8_PB_TickCounter                                  bssBANK0     005D
_u8_SSD_Current                                     bssCOMMON    0077
_u8_SSD_TickCounter                                 bssCOMMON    0076
_u8_SetTemperature                                  bssCOMMON    007A
_u8_TR_TickCounter                                  bssBANK1     00C2
_u8_WaterHeaterStatus                               dataCOMMON   007B
btemp                                               (abs)        007E
clear_ram0                                          clrtext      1AFC
end_of_initialization                               cinit        0062
fpbase                                              (abs)        0000
fptable                                             functab      0066
fptotal                                             (abs)        0000
i1CPU_SetSleep@u8_SleepMode                         cstackCOMMON 0070
i1_CPU_SetSleep                                     text76       1AEC
i1___lbdiv                                          text72       1D16
i1___lbdiv@counter                                  cstackCOMMON 0072
i1___lbdiv@dividend                                 cstackCOMMON 0071
i1___lbdiv@divisor                                  cstackCOMMON 0070
i1___lbdiv@quotient                                 cstackCOMMON 0073
i1fpbase                                            functab      006C
i1fptable                                           functab      0067
i1fptotal                                           (abs)        0004
init_fetch0                                         inittext     1C08
init_ram0                                           inittext     1C0C
interrupt_function                                  intentry     0004
intlevel0                                           functab      0066
intlevel1                                           functab      0066
intlevel2                                           functab      0066
intlevel3                                           functab      0066
intlevel4                                           functab      0066
intlevel5                                           functab      0066
myIsr@u8_counter                                    cstackCOMMON 0075
pushButton_GetStatus@pu8_BtnState                   cstackBANK0  002A
pushButton_GetStatus@u8_BtnId                       cstackBANK0  002D
pushButton_Init@u8_PushbuttonID                     cstackBANK0  0031
pushButton_Update@counter                           cstackBANK0  0035
reset_vec                                           reset_vec    0000
saved_w                                             (abs)        007E
start                                               init         0012
start_initialization                                cinit        0015
wtemp0                                              (abs)        007E


FUNCTION INFORMATION:

 *************** function _main *****************
 Defined at:
		line 11 in file "main.c"
 Parameters:    Size  Location     Type
		None
 Auto vars:     Size  Location     Type
		None
 Return value:  Size  Location     Type
                  1    wreg      void 
 Registers used:
		wreg, fsr0l, fsr0h, status,2, status,0, btemp+1, pclath, cstack
 Tracked objects:
		On entry : 
		On exit  : 
		Unchanged: 
 Data sizes:     COMMON   BANK0   BANK1   BANK3   BANK2
      Params:         0       0       0       0       0
      Locals:         0       0       0       0       0
      Temps:          0       0       0       0       0
      Totals:         0       0       0       0       0
Total ram usage:        0 bytes
 Hardware stack levels required when called:    8
 This function calls:
		_App_MainLoop
		_App_init
 This function is called by:
		Startup code after reset
 This function uses a non-reentrant model


 *************** function _App_init *****************
 Defined at:
		line 160 in file "MainAppSW.c"
 Parameters:    Size  Location     Type
		None
 Auto vars:     Size  Location     Type
  MyTimer         5   37[BANK0 ] struct str_Timer_cfg_t
  zft             3   33[BANK0 ] struct ExternInt_Cfg_s
  temp            1   36[BANK0 ] unsigned char 
 Return value:  Size  Location     Type
                  1    wreg      void 
 Registers used:
		wreg, fsr0l, fsr0h, status,2, status,0, btemp+1, pclath, cstack
 Tracked objects:
		On entry : 
		On exit  : 
		Unchanged: 
 Data sizes:     COMMON   BANK0   BANK1   BANK3   BANK2
      Params:         0       0       0       0       0
      Locals:         0       9       0       0       0
      Temps:          0       0       0       0       0
      Totals:         0       9       0       0       0
Total ram usage:        9 bytes
 Hardware stack levels used:    1
 Hardware stack levels required when called:    6
 This function calls:
		_CPU_SetSleep
		_Cooler_Init
		_Display_Init
		_EEPROM_Init
		_EEPROM_Read
		_EEPROM_Write
		_ExternInt_Enable
		_ExternInt_Init
		_Heater_Init
		_INT_SetEnable
		_Led_Init
		_TemperatureAVGReading_init
		_Timer_Init
		_pushButton_Init
 This function is called by:
		_main
 This function uses a non-reentrant model


 *************** function _pushButton_Init *****************
 Defined at:
[...]
      Temps:          0       0       0       0       0
      Totals:         0       0       0       0       0
Total ram usage:        0 bytes
 Hardware stack levels used:    1
 Hardware stack levels required when called:    4
 This function calls:
		_I2C_Master_Wait
 This function is called by:
		_EEPROM_Write
		_EEPROM_Read
 This function uses a non-reentrant model


 *************** function _I2C_Master_Wait *****************
 Defined at:
		line 93 in file "I2c.c"
 Parameters:    Size  Location     Type
		None
 Auto vars:     Size  Location     Type
		None
 Return value:  Size  Location     Type
                  1    wreg      void 
 Registers used:
		wreg, status,2
 Tracked objects:
		On entry : 
		On exit  : 
		Unchanged: 
 Data sizes:     COMMON   BANK0   BANK1   BANK3   BANK2
      Params:         0       0       0       0       0
      Locals:         0       0       0       0       0
      Temps:          0       0       0       0       0
      Totals:         0       0       0       0       0
Total ram usage:        0 bytes
 Hardware stack levels used:    1
 Hardware stack levels required when called:    3
 This function calls:
		Nothing
 This function is called by:
		_I2C_Master_Start
		_I2C_Master_Stop
		_I2C_Master_AckEN
		_I2C_Master_Write
		_I2C_Master_Read
		_I2C_Master_EnableRead
		_I2C_Master_RepeatedStart
 This function uses a non-reentrant model


 *************** function _Display_TurnOff *****************
 Defined at:
		line 144 in file "Display.c"
 Parameters:    Size  Location     Type
		None
 Auto vars:     Size  Location     Type
		None
 Return value:  Size  Location     Type
                  1    wreg      void 
 Registers used:
		wreg, fsr0l, fsr0h, status,2, status,0, btemp+1, pclath, cstack
 Tracked objects:
		On entry : 
		On exit  : 
		Unchanged: 
 Data sizes:     COMMON   BANK0   BANK1   BANK3   BANK2
      Params:         0       0       0       0       0
      Locals:         0       0       0       0       0
      Temps:          0       0       0       0       0
      Totals:         0       0       0       0       0
Total ram usage:        0 bytes
 Hardware stack levels used:    1
 Hardware stack levels required when called:    5
 This function calls:
		_SSD_TurnOff
 This function is called by:
		_App_Update
 This function uses a non-reentrant model


 *************** function _SSD_TurnOff *****************
 Defined at:
		line 270 in file "SSD.c"
 Parameters:    Size  Location     Type
  u8_SSD_ID       1    wreg     unsigned char 
 Auto vars:     Size  Location     Type
  u8_SSD_ID       1   17[BANK0 ] unsigned char 
 Return value:  Size  Location     Type
                  1    wreg      void 
 Registers used:
		wreg, fsr0l, fsr0h, status,2, status,0, btemp+1, pclath, cstack
 Tracked objects:
		On entry : 
		On exit  : 
		Unchanged: 
 Data sizes:     COMMON   BANK0   BANK1   BANK3   BANK2
      Params:         0       0       0       0       0
      Locals:         0       1       0       0       0
      Temps:          0       2       0       0       0
      Totals:         0       3       0       0       0
Total ram usage:        3 bytes
 Hardware stack levels used:    1
 Hardware stack levels required when called:    4
 This function calls:
		_DIO_Write
 This function is called by:
		_Display_TurnOff
 This function uses a non-reentrant model


 *************** function _DIO_Write *****************
 Defined at:
		line 157 in file "DIO.c"
 Parameters:    Size  Location     Type
  u8_GPIO         1    wreg     unsigned char 
  u8_pins         1   10[BANK0 ] unsigned char 
  u8_value        1   11[BANK0 ] unsigned char 
 Auto vars:     Size  Location     Type
  u8_GPIO         1   14[BANK0 ] unsigned char 
 Return value:  Size  Location     Type
                  1    wreg      void 
 Registers used:
		wreg, fsr0l, fsr0h, status,2, status,0, btemp+1
 Tracked objects:
		On entry : 
		On exit  : 
		Unchanged: 
 Data sizes:     COMMON   BANK0   BANK1   BANK3   BANK2
      Params:         0       2       0       0       0
      Locals:         0       1       0       0       0
      Temps:          0       2       0       0       0
      Totals:         0       5       0       0       0
Total ram usage:        5 bytes
 Hardware stack levels used:    1
 Hardware stack levels required when called:    3
 This function calls:
		Nothing
 This function is called by:
		_Cooler_Turn
		_Heater_Turn
		_LM_init
		_SSD_Update
		_SSD_TurnOff
		_Led_On
		_Led_Off
 This function uses a non-reentrant model


 *************** function _Display_SetData *****************
 Defined at:
		line 130 in file "Display.c"
 Parameters:    Size  Location     Type
  u8_DisplayDa    1    wreg     unsigned char 
  u8_DisplayMo    1   10[BANK0 ] unsigned char 
 Auto vars:     Size  Location     Type
  u8_DisplayDa    1   11[BANK0 ] unsigned char 
 Return value:  Size  Location     Type
                  1    wreg      void 
 Registers used:
		wreg, btemp+1
 Tracked objects:
		On entry : 
		On exit  : 
		Unchanged: 
 Data sizes:     COMMON   BANK0   BANK1   BANK3   BANK2
      Params:         0       1       0       0       0
      Locals:         0       1       0       0       0
      Temps:          0       0       0       0       0
      Totals:         0       2       0       0       0
Total ram usage:        2 bytes
 Hardware stack levels used:    1
 Hardware stack levels required when called:    3
 This function calls:
		Nothing
 This function is called by:
		_App_Update
 This function uses a non-reentrant model


 *************** function _CPU_SetSleep *****************
 Defined at:
		line 34 in file "SLEEP.c"
 Parameters:    Size  Location     Type
  u8_SleepMode    1    wreg     unsigned char 
 Auto vars:     Size  Location     Type
  u8_SleepMode    1   10[BANK0 ] unsigned char 
 Return value:  Size  Location     Type
                  1    wreg      void 
 Registers used:
		wreg, btemp+1
 Tracked objects:
		On entry : 
		On exit  : 
		Unchanged: 
 Data sizes:     COMMON   BANK0   BANK1   BANK3   BANK2
      Params:         0       0       0       0       0
      Locals:         0       1       0       0       0
      Temps:          0       0       0       0       0
      Totals:         0       1       0       0       0
Total ram usage:        1 bytes
 Hardware stack levels used:    1
 Hardware stack levels required when called:    3
 This function calls:
		Nothing
 This function is called by:
		_App_init
		_App_Update
 This function uses a non-reentrant model


 *************** function _myIsr *****************
 Defined at:
		line 50 in file "Interrupts.c"
 Parameters:    Size  Location     Type
		None
 Auto vars:     Size  Location     Type
  u8_counter      1    5[COMMON] unsigned char 
 Return value:  Size  Location     Type
                  1    wreg      void 
 Registers used:
		wreg, fsr0l, fsr0h, status,2, status,0, btemp+1, pclath, cstack
 Tracked objects:
		On entry : 
		On exit  : 
		Unchanged: 
 Data sizes:     COMMON   BANK0   BANK1   BANK3   BANK2
      Params:         0       0       0       0       0
      Locals:         1       0       0       0       0
      Temps:          0      10       0       0       0
      Totals:         1      10       0       0       0
Total ram usage:       11 bytes
 Hardware stack levels used:    1
 Hardware stack levels required when called:    2
 This function calls:
		_EXT_INT_Callbk
		_Timer_Callbk
		i1___lbdiv
 This function is called by:
		Interrupt level 1
 This function uses a non-reentrant model


 *************** function i1___lbdiv *****************
 Defined at:
		line 4 in file "C:\Program Files\Microchip\xc8\v2.20\pic\sources\c90\common\lbdiv.c"
 Parameters:    Size  Location     Type
  dividend        1    wreg     unsigned char 
  divisor         1    0[COMMON] unsigned char 
 Auto vars:     Size  Location     Type
  dividend        1    1[COMMON] unsigned char 
  quotient        1    3[COMMON] unsigned char 
  counter         1    2[COMMON] unsigned char 
 Return value:  Size  Location     Type
                  1    wreg      unsigned char 
 Registers used:
		wreg, status,2, status,0, btemp+1
 Tracked objects:
		On entry : 
		On exit  : 
		Unchanged: 
 Data sizes:     COMMON   BANK0   BANK1   BANK3   BANK2
      Params:         1       0       0       0       0
      Locals:         3       0       0       0       0
      Temps:          0       0       0       0       0
      Totals:         4       0       0       0       0
Total ram usage:        4 bytes
 Hardware stack levels used:    1
 This function calls:
		Nothing
 This function is called by:
		_myIsr
 This function uses a non-reentrant model


 *************** function _EXT_INT_Callbk *****************
 Defined at:
		line 99 in file "MainAppSW.c"
 Parameters:    Size  Location     Type
		None
 Auto vars:     Size  Location     Type
		None
 Return value:  Size  Location     Type
                  1    wreg      void 
 Registers used:
		wreg, fsr0l, fsr0h, status,2, status,0, btemp+1, pclath, cstack
 Tracked objects:
		On entry : 
		On exit  : 
		Unchanged: 
 Data sizes:     COMMON   BANK0   BANK1   BANK3   BANK2
      Params:         0       0       0       0       0
      Locals:         0       0       0       0       0
      Temps:          0       0       0       0       0
      Totals:         0       0       0       0       0
Total ram usage:        0 bytes
 Hardware stack levels used:    1
 Hardware stack levels required when called:    1
 This function calls:
		_Timer_Start
		i1_CPU_SetSleep
 This function is called by:
		_myIsr
 This function uses a non-reentrant model


 *************** function _Timer_Callbk *****************
 Defined at:
		line 90 in file "MainAppSW.c"
 Parameters:    Size  Location     Type
		None
 Auto vars:     Size  Location     Type
		None
 Return value:  Size  Location     Type
                  1    wreg      void 
 Registers used:
		wreg, fsr0l, fsr0h, status,2, status,0, btemp+1, pclath, cstack
 Tracked objects:
		On entry : 
		On exit  : 
		Unchanged: 
 Data sizes:     COMMON   BANK0   BANK1   BANK3   BANK2
      Params:         0       0       0       0       0
      Locals:         0       0       0       0       0
      Temps:          0       0       0       0       0
      Totals:         0       0       0       0       0
Total ram usage:        0 bytes
 Hardware stack levels used:    1
 Hardware stack levels required when called:    1
 This function calls:
		_Timer_SetValue
 This function is called by:
		_myIsr
 This function uses a non-reentrant model


 *************** function _Timer_SetValue *****************
 Defined at:
		line 527 in file "TIMER.c"
 Parameters:    Size  Location     Type
  u8_Timer_CH_    1    wreg     unsigned char 
  u16_Timer_Co    2    0[COMMON] unsigned int 
 Auto vars:     Size  Location     Type
  u8_Timer_CH_    1    4[COMMON] unsigned char 
 Return value:  Size  Location     Type
                  1    wreg      void 
 Registers used:
		wreg, fsr0l, fsr0h, status,2, status,0
 Tracked objects:
		On entry : 
		On exit  : 
		Unchanged: 
 Data sizes:     COMMON   BANK0   BANK1   BANK3   BANK2
      Params:         2       0       0       0       0
      Locals:         1       0       0       0       0
      Temps:          2       0       0       0       0
      Totals:         5       0       0       0       0
Total ram usage:        5 bytes
 Hardware stack levels used:    1
 This function calls:
		Nothing
 This function is called by:
		_Timer_Callbk
 This function uses a non-reentrant model


 *************** function i1_CPU_SetSleep *****************
 Defined at:
		line 34 in file "SLEEP.c"
 Parameters:    Size  Location     Type
  u8_SleepMode    1    wreg     unsigned char 
 Auto vars:     Size  Location     Type
  u8_SleepMode    1    0[COMMON] unsigned char 
 Return value:  Size  Location     Type
                  1    wreg      void 
 Registers used:
		wreg, btemp+1
 Tracked objects:
		On entry : 
		On exit  : 
		Unchanged: 
 Data sizes:     COMMON   BANK0   BANK1   BANK3   BANK2
      Params:         0       0       0       0       0
      Locals:         1       0       0       0       0
      Temps:          0       0       0       0       0
      Totals:         1       0       0       0       0
Total ram usage:        1 bytes
 Hardware stack levels used:    1
 This function calls:
		Nothing
 This function is called by:
		_EXT_INT_Callbk
 This function uses a non-reentrant model


 *************** function _Timer_Start *****************
 Defined at:
		line 312 in file "TIMER.c"
 Parameters:    Size  Location     Type
  u8_Timer_CH_    1    wreg     unsigned char 
  u16_Timer_Co    2    0[COMMON] unsigned int 
 Auto vars:     Size  Location     Type
  u8_Timer_CH_    1    4[COMMON] unsigned char 
 Return value:  Size  Location     Type
                  1    wreg      void 
 Registers used:
		wreg, fsr0l, fsr0h, status,2, status,0, btemp+1
 Tracked objects:
		On entry : 
		On exit  : 
		Unchanged: 
 Data sizes:     COMMON   BANK0   BANK1   BANK3   BANK2
      Params:         2       0       0       0       0
      Locals:         1       0       0       0       0
      Temps:          2       0       0       0       0
      Totals:         5       0       0       0       0
Total ram usage:        5 bytes
 Hardware stack levels used:    1
 This function calls:
		Nothing
 This function is called by:
		_EXT_INT_Callbk
 This function uses a non-reentrant model



MODULE INFORMATION

Module		Function		Class		Link	Load	Size
TIMER.c
		_Timer_Stop    		CODE           	1053	0000	72
		_Timer_Start   		CODE           	1549	0000	104
		_Timer_Init    		CODE           	0E37	0000	458
		_Timer_SetValue		CODE           	11C5	0000	80

TIMER.c estimated size: 714

PushButton.c
		_pushButton_Update		CODE           	0669	0000	407
		_pushButton_Init		CODE           	141D	0000	99
		_pushButton_GetStatus		CODE           	112F	0000	76

PushButton.c estimated size: 582

TempAvgReading.c
		_TemperatureAVGReading_init		CODE           	1ADF	0000	7
		_TemperatureAVGReading_Read		CODE           	1E5B	0000	56
		_TemperatureAVGReading_Update		CODE           	1DEE	0000	55

TempAvgReading.c estimated size: 118

C:\Program Files\Microchip\xc8\v2.20\pic\sources\c90\common\__lldiv.c
		___lldiv       		CODE           	15B0	0000	105

C:\Program Files\Microchip\xc8\v2.20\pic\sources\c90\common\__lldiv.c estimated size: 105

SSD.c
		_SSD_Init      		CODE           	1368	0000	91
		_SSD_SetState  		CODE           	1B35	0000	15
		_SSD_SetValue  		CODE           	1E92	0000	56
		_SSD_Update    		CODE           	0D30	0000	264
		_SSD_TurnOff   		CODE           	147F	0000	101

SSD.c estimated size: 527

C:\Program Files\Microchip\xc8\v2.20\pic\sources\c90\common\Umul8_16.c
		__Umul8_16     		CODE           	1D3F	0000	42

C:\Program Files\Microchip\xc8\v2.20\pic\sources\c90\common\Umul8_16.c estimated size: 42

Heater.c
		_Heater_Init   		CODE           	1B51	0000	15
		_Heater_Turn   		CODE           	1BF6	0000	19

Heater.c estimated size: 34

MainAppSW.c
		_Timer_Callbk  		CODE           	1B9F	0000	18
		_App_MainLoop  		CODE           	1DC0	0000	47
		_App_Update    		CODE           	0B32	0000	249
		_App_init      		CODE           	09C5	0000	178
		_LED_ACTION    		CODE           	1EC9	0000	60
		_Heater_Cooler_action		CODE           	109A	0000	75
		_EXT_INT_Callbk		CODE           	1C8B	0000	33

MainAppSW.c estimated size: 660

C:\Program Files\Microchip\xc8\v2.20\pic\sources\c90\common\xxtofl.c
		___xxtofl      		CODE           	0A76	0000	189

C:\Program Files\Microchip\xc8\v2.20\pic\sources\c90\common\xxtofl.c estimated size: 189

C:\Program Files\Microchip\xc8\v2.20\pic\sources\c90\common\lbdiv.c
		___lbdiv       		CODE           	1D68	0000	44

C:\Program Files\Microchip\xc8\v2.20\pic\sources\c90\common\lbdiv.c estimated size: 44

Cooler.c
		_Cooler_Init   		CODE           	1B43	0000	15
		_Cooler_Turn   		CODE           	1BE4	0000	19

Cooler.c estimated size: 34

I2c.c
		_I2C_Master_Read		CODE           	1C5B	0000	24
		_I2C_Master_Wait		CODE           	1B0E	0000	14
		_I2C_Master_Init		CODE           	1311	0000	88
		_I2C_Master_Stop		CODE           	1B7F	0000	17
		_I2C_Master_EnableRead		CODE           	1B8F	0000	17
		_I2C_Master_AckEN		CODE           	1CAB	0000	33
		_I2C_Master_Write		CODE           	1BD2	0000	19
		_I2C_Master_Start		CODE           	1B6F	0000	17
		_I2C_Master_WaitACK		CODE           	1AE5	0000	8

I2c.c estimated size: 237

DIO.c
		_DIO_init      		CODE           	16EA	0000	126
		_DIO_Write     		CODE           	1618	0000	106
		_DIO_Toggle    		CODE           	1E24	0000	56
		_DIO_PortWrite 		CODE           	1D93	0000	46
		_DIO_Read      		CODE           	0804	0000	132

DIO.c estimated size: 466

Interrupts.c
		_INT_SetEnable 		CODE           	0801	0000	4
		_myIsr         		CODE           	0887	0000	155
		_INT_SetCallBackFunc		CODE           	1F3F	0000	60

Interrupts.c estimated size: 219

EEPROM.c
		_EEPROM_Read   		CODE           	1214	0000	84
		_EEPROM_Init   		CODE           	1BC1	0000	18
		_EEPROM_Write  		CODE           	1CCB	0000	37

EEPROM.c estimated size: 139

C:\Program Files\Microchip\xc8\v2.20\pic\sources\c90\common\awmod.c
		___awmod       		CODE           	13C2	0000	92

C:\Program Files\Microchip\xc8\v2.20\pic\sources\c90\common\awmod.c estimated size: 92

shared
		i1___lbdiv     		CODE           	1D16	0000	42
		i1_CPU_SetSleep		CODE           	1AEC	0000	9
		__i1fptable    		ENTRY          	0067	0000	13
		__initialization		CODE           	0015	0000	78

shared estimated size: 142

LM35.c
		_LM_Read       		CODE           	14E3	0000	103
		_LM_Update     		CODE           	1B1B	0000	14
		_LM_init       		CODE           	1CEF	0000	40

LM35.c estimated size: 157

Display.c
		_Display_Update		CODE           	0C2A	0000	263
		_Display_TurnOff		CODE           	1B5F	0000	17
		_Display_SetData		CODE           	1000	0000	13
		_Display_Init  		CODE           	1C2E	0000	23

Display.c estimated size: 316

ExternalInterrupt.c
		_ExternInt_Init		CODE           	1267	0000	84
		_ExternInt_Enable		CODE           	1C72	0000	26

ExternalInterrupt.c estimated size: 110

ADC.c
		_ADC_startConversion		CODE           	1BB0	0000	18
		_ADC_ReadResult		CODE           	1F04	0000	60
		_ADC_init      		CODE           	1767	0000	154

ADC.c estimated size: 232

C:\Program Files\Microchip\xc8\v2.20\pic\sources\c90\common\lwdiv.c
		___lwdiv       		CODE           	1FBA	0000	71

C:\Program Files\Microchip\xc8\v2.20\pic\sources\c90\common\lwdiv.c estimated size: 71

C:\Program Files\Microchip\xc8\v2.20\pic\sources\c90\common\fltol.c
		___fltol       		CODE           	0921	0000	165

C:\Program Files\Microchip\xc8\v2.20\pic\sources\c90\common\fltol.c estimated size: 165

C:\Program Files\Microchip\xc8\v2.20\pic\sources\c90\common\Umul8.c
		___bmul        		CODE           	1C44	0000	24

C:\Program Files\Microchip\xc8\v2.20\pic\sources\c90\common\Umul8.c estimated size: 24

C:\Program Files\Microchip\xc8\v2.20\pic\sources\c90\common\sprcmul.c
		___flmul       		CODE           	0073	0000	866

C:\Program Files\Microchip\xc8\v2.20\pic\sources\c90\common\sprcmul.c estimated size: 866

SLEEP.c
		_CPU_SetSleep  		CODE           	1AF4	0000	9
		_CPU_SleepUpdate		CODE           	1B04	0000	11

SLEEP.c estimated size: 20

main.c
		_main          		CODE           	1B28	0000	14

main.c estimated size: 14

C:\Program Files\Microchip\xc8\v2.20\pic\sources\c90\common\sprcdiv.c
		___fldiv       		CODE           	03D4	0000	662

C:\Program Files\Microchip\xc8\v2.20\pic\sources\c90\common\sprcdiv.c estimated size: 662

led.c
		_Led_Toggle    		CODE           	100C	0000	72
		_Led_Init      		CODE           	117A	0000	76
		_Led_Off       		CODE           	10E4	0000	76
		_Led_On        		CODE           	12BA	0000	88

led.c estimated size: 312

C:\Program Files\Microchip\xc8\v2.20\pic\sources\c90\common\awdiv.c
		___awdiv       		CODE           	1681	0000	106

C:\Program Files\Microchip\xc8\v2.20\pic\sources\c90\common\awdiv.c estimated size: 106

